[cellinteractive.jp/index.html]
[backblue.gif]
[fade.gif]
[index.html]
[cellinteractive.jp/_int/wp-content/themes/pj-wp_cellinteractive/dist/images/common/favicon.svg]
[cellinteractive.jp/_int/wp-content/themes/pj-wp_cellinteractive/dist/images/common/favicon_white.svg]
[cellinteractive.jp/_int/wp-content/themes/pj-wp_cellinteractive/dist/images/common/apple-touch-icon.png]
[cellinteractive.jp/_int/wp-content/themes/pj-wp_cellinteractive/dist/css/common.css]
[cellinteractive.jp/_int/wp-content/themes/pj-wp_cellinteractive/dist/css/style.css]
[cellinteractive.jp/_int/wp-includes/css/dist/block-library/style.mind1c0.css]
[cellinteractive.jp/_int/wp-content/plugins/contact-form-7/includes/css/stylese2db.css]
[cellinteractive.jp/_int/wp-content/themes/pj-wp_cellinteractive/dist/images/common/logo.svg]
[cellinteractive.jp/service/index.html]
[cellinteractive.jp/team/index.html]
[cellinteractive.jp/_int/wp-content/themes/pj-wp_cellinteractive/dist/images/common/logo_nav.b.delayed]
[cellinteractive.jp/company/index.html]
[cellinteractive.jp/topics/index.html]
[cellinteractive.jp/projects/index.html]
[cellinteractive.jp/talk-with-us/index.html]
[cellinteractive.jp/_int/wp-content/themes/pj-wp_cellinteractive/dist/images/top/icon_light.svg]
[cellinteractive.jp/_int/wp-content/themes/pj-wp_cellinteractive/dist/images/top/top_aboutus_img_01.jpg]
[cellinteractive.jp/_int/wp-content/themes/pj-wp_cellinteractive/dist/images/top/top_aboutus_img_02.jpg]
[cellinteractive.jp/about-us/index.html]
[cellinteractive.jp/_int/wp-content/themes/pj-wp_cellinteractive/dist/images/top/top_aboutus_img_03.jpg]
[cellinteractive.jp/_int/wp-content/uploads/2024/08/yachiyo_poultry_screenshot-2-scaled.jpg]
[cellinteractive.jp/_int/wp-content/uploads/2024/08/yachiyo_poultry_sp_screenshot-2-scaled.jpg]
[cellinteractive.jp/_int/wp-content/uploads/2024/08/growin_partners_screenshot-1-scaled.jpg]
[cellinteractive.jp/_int/wp-content/uploads/2024/08/growin_partners_sp_screenshot-1-scaled.jpg]
[cellinteractive.jp/_int/wp-content/uploads/2024/08/nagoya_tv_screenshot-scaled.jpg]
[cellinteractive.jp/_int/wp-content/uploads/2024/08/nagoya_tv_sp_screenshot-scaled.jpg]
[cellinteractive.jp/_int/wp-content/uploads/2024/08/my_arita_image_1-scaled.jpg]
[cellinteractive.jp/_int/wp-content/uploads/2024/08/my_arita_image_2-scaled.jpg]
[cellinteractive.jp/_int/wp-content/uploads/2024/08/konica_minolta_planetarium_screenshot-scaled.jpg]
[cellinteractive.jp/_int/wp-content/uploads/2024/08/konica_minolta_planetarium_sp_screenshot-scaled.jpg]
[cellinteractive.jp/_int/wp-content/uploads/2024/08/yachiyo_poultry_thumbnail-1024x683.jpg]
[cellinteractive.jp/_int/wp-content/uploads/2024/08/growin_partners_thumbnail-1024x683.jpg]
[cellinteractive.jp/_int/wp-content/uploads/2024/08/nagoya_tv_thumbnail-1024x683.jpg]
[cellinteractive.jp/projects/125/index.html]
[cellinteractive.jp/_int/wp-content/uploads/2024/08/my_arita_thumbnail-1024x683.jpg]
[cellinteractive.jp/_int/wp-content/uploads/2024/08/konica_minolta_planetarium_thumbnail-1024x683.jpg]
[cellinteractive.jp/_int/wp-content/uploads/2024/11/Group-8-1024x341.png]
[cellinteractive.jp/_int/wp-content/uploads/2025/02/thumbnail-1-1024x341.png]
[cellinteractive.jp/projects/121/index.html]
[cellinteractive.jp/_int/wp-content/uploads/2024/12/hiroshige-1024x341.png]
[cellinteractive.jp/projects/123/index.html]
[cellinteractive.jp/_int/wp-includes/js/dist/hooks.min4fdd.js]
[cellinteractive.jp/projects/124/index.html]
[cellinteractive.jp/_int/wp-includes/js/dist/i18n.minc33c.js]
[cellinteractive.jp/projects/334/index.html]
[cellinteractive.jp/topics/796/index.html]
[cellinteractive.jp/_int/wp-content/plugins/contact-form-7/includes/swv/js/indexe2db.js]
[cellinteractive.jp/_int/wp-content/plugins/contact-form-7/includes/js/indexe2db.js]
[cellinteractive.jp/topics/789/index.html]
[cellinteractive.jp/topics/785/index.html]
[cellinteractive.jp/_int/wp-content/plugins/wpcf7-recaptcha/assets/js/wpcf7-recaptcha-controls62ea.js]
[www.google.com/recaptcha/apibc06.js]
[cellinteractive.jp/index.html]
[cellinteractive.jp/_int/wp-content/themes/pj-wp_cellinteractive/dist/images/common/favicon.svg]
[cellinteractive.jp/_int/wp-content/themes/pj-wp_cellinteractive/dist/images/common/favicon_white.svg]
[cellinteractive.jp/_int/wp-content/themes/pj-wp_cellinteractive/dist/css/common.css]
[cellinteractive.jp/_int/wp-content/themes/pj-wp_cellinteractive/dist/js/lib/color-thief.umd.js]
[cellinteractive.jp/_int/wp-content/themes/pj-wp_cellinteractive/dist/js/bundle.js]
[cellinteractive.jp/_int/wp-content/themes/pj-wp_cellinteractive/dist/images/top/top_video_poster_img.jpg]
[cellinteractive.jp/_int/wp-content/themes/pj-wp_cellinteractive/dist/css/style.css]
[typesquare.com/3/tsst/script/ja/typesquare4afa.js]
[cellinteractive.jp/_int/wp-includes/css/dist/block-library/style.mind1c0.css]
[cellinteractive.jp/_int/wp-content/plugins/contact-form-7/includes/css/stylese2db.css]
[cellinteractive.jp/_int/wp-content/themes/pj-wp_cellinteractive/dist/images/common/logo.svg]
[cellinteractive.jp/dist/index.html]
[cellinteractive.jp/api/index.html]
[cellinteractive.jp/_int/wp-content/themes/pj-wp_cellinteractive/dist/images/about-us/about-us_top_carousel_img_05.jpg]
[cellinteractive.jp/_int/wp-content/themes/pj-wp_cellinteractive/dist/images/about-us/about-us_top_carousel_img_06.jpg]
[cellinteractive.jp/_int/wp-content/themes/pj-wp_cellinteractive/dist/video/about-us/new_01.mp4]
[cellinteractive.jp/_int/wp-content/themes/pj-wp_cellinteractive/dist/video/about-us/new_02.mp4]
[cellinteractive.jp/_int/wp-content/themes/pj-wp_cellinteractive/dist/images/about-us/about-us_icon_progress.png]
[cellinteractive.jp/_int/wp-content/themes/pj-wp_cellinteractive/dist/images/about-us/about-us_icon_propagate.png]
[cellinteractive.jp/_int/wp-content/themes/pj-wp_cellinteractive/dist/images/about-us/about-us_icon_flexible.png]
[cellinteractive.jp/_int/wp-content/themes/pj-wp_cellinteractive/dist/images/about-us/about-us_icon_fusion.png]
[cellinteractive.jp/_int/wp-content/themes/pj-wp_cellinteractive/dist/images/about-us/about-us_culture_carousel_img_01.jpg]
[cellinteractive.jp/_int/wp-content/themes/pj-wp_cellinteractive/dist/images/about-us/about-us_culture_carousel_img_02.jpg]
[cellinteractive.jp/_int/wp-content/themes/pj-wp_cellinteractive/dist/images/about-us/about-us_culture_carousel_img_03.jpg]
[cellinteractive.jp/_int/wp-content/themes/pj-wp_cellinteractive/dist/images/about-us/about-us_culture_carousel_img_04.jpg]
[cellinteractive.jp/_int/wp-content/themes/pj-wp_cellinteractive/dist/images/about-us/about-us_randam_carousel_img_01.jpg]
[cellinteractive.jp/_int/wp-content/themes/pj-wp_cellinteractive/dist/images/about-us/about-us_randam_carousel_img_02.jpg]
[cellinteractive.jp/_int/wp-content/themes/pj-wp_cellinteractive/dist/images/about-us/about-us_randam_carousel_img_03.jpg]
[cellinteractive.jp/_int/wp-content/themes/pj-wp_cellinteractive/dist/images/about-us/about-us_randam_carousel_img_04.jpg]
[cellinteractive.jp/about-us/index.html]
[cellinteractive.jp/_int/wp-content/uploads/2024/08/whi_thumbnail-2-1024x683.jpg]
[cellinteractive.jp/projects/brand/index.html]
[cellinteractive.jp/projects/digital/index.html]
[cellinteractive.jp/projects/movie/index.html]
[cellinteractive.jp/projects/spatial/index.html]
[cellinteractive.jp/_int/wp-content/uploads/2024/08/tama_art_university_thumbnail-1024x683.jpg]
[cellinteractive.jp/projects/129/index.html]
[cellinteractive.jp/projects/166/index.html]
[cellinteractive.jp/_int/wp-content/uploads/2024/08/solumina_thumbnail-1-1024x683.jpg]
[cellinteractive.jp/projects/160/index.html]
[cellinteractive.jp/_int/wp-content/uploads/2024/08/solumina_recruitment_thumbnail-1-1024x683.jpg]
[cellinteractive.jp/_int/wp-content/uploads/2024/08/unix_tokyo_thumbnail-1024x683.jpg]
[cellinteractive.jp/_int/wp-content/uploads/2024/08/united_arrows_thumbnail-1024x685.jpg]
[cellinteractive.jp/projects/161/index.html]
[cellinteractive.jp/_int/wp-content/uploads/2024/08/saitama_citizens_medical_center_thumbnail-1-1024x683.jpg]
[cellinteractive.jp/_int/wp-content/uploads/2024/08/acom_thumbnail-1024x683.jpg]
[cellinteractive.jp/projects/168/index.html]
[cellinteractive.jp/_int/wp-content/uploads/2024/08/narushima_thumbnail-1024x683.jpg]
[cellinteractive.jp/projects/167/index.html]
[cellinteractive.jp/_int/wp-content/uploads/2024/08/sakurai_buddha_sculpture_studio_thumbnail-1024x683.jpg]
[cellinteractive.jp/projects/index.html]
[cellinteractive.jp/projects/355/index.html]
[cellinteractive.jp/projects/169/index.html]
[cellinteractive.jp/projects/164/index.html]
[cellinteractive.jp/_int/wp-content/themes/pj-wp_cellinteractive/dist/images/service/service_journey_img.jpg]
[cellinteractive.jp/projects/357/index.html]
[cellinteractive.jp/projects/index6146.html]
[cellinteractive.jp/_int/wp-content/themes/pj-wp_cellinteractive/dist/images/service/digital/service_digital_sec_img_01.png]
[cellinteractive.jp/projects/index8a68.html]
[cellinteractive.jp/_int/wp-content/themes/pj-wp_cellinteractive/dist/images/service/digital/service_digital_sec_img_02.png]
[cellinteractive.jp/talk-with-us/document/index.html]
[cellinteractive.jp/_int/wp-content/themes/pj-wp_cellinteractive/dist/images/service/digital/service_digital_sec_img_03.png]
[cellinteractive.jp/_int/wp-content/themes/pj-wp_cellinteractive/dist/images/service/digital/service_digital_sec_img_04.png]
[cellinteractive.jp/_int/wp-content/themes/pj-wp_cellinteractive/dist/images/service/digital/service_digital_sec_img_05.png]
[cellinteractive.jp/_int/wp-content/themes/pj-wp_cellinteractive/dist/images/service/movie/service_movie_sec_img_01.png]
[cellinteractive.jp/_int/wp-content/themes/pj-wp_cellinteractive/dist/images/service/movie/service_movie_sec_img_02.png]
[cellinteractive.jp/_int/wp-content/themes/pj-wp_cellinteractive/dist/images/service/movie/service_movie_sec_img_03.png]
[cellinteractive.jp/_int/wp-content/themes/pj-wp_cellinteractive/dist/images/service/movie/service_movie_sec_img_04.png]
[cellinteractive.jp/_int/wp-content/themes/pj-wp_cellinteractive/dist/images/service/movie/service_movie_sec_img_05.png]
[cellinteractive.jp/_int/wp-content/themes/pj-wp_cellinteractive/dist/images/service/spatial/service_spatial_sec_img_01.png]
[cellinteractive.jp/_int/wp-content/themes/pj-wp_cellinteractive/dist/images/service/spatial/service_spatial_sec_img_02.png]
[cellinteractive.jp/_int/wp-content/themes/pj-wp_cellinteractive/dist/images/service/spatial/service_spatial_sec_img_03.png]
[cellinteractive.jp/_int/wp-content/themes/pj-wp_cellinteractive/dist/images/service/spatial/service_spatial_sec_img_04.png]
[cellinteractive.jp/_int/wp-content/themes/pj-wp_cellinteractive/dist/images/service/spatial/service_spatial_sec_img_05.png]
[cellinteractive.jp/_int/wp-content/themes/pj-wp_cellinteractive/dist/images/service/brand/service_brand_sec_img_01.png]
[cellinteractive.jp/_int/wp-content/themes/pj-wp_cellinteractive/dist/images/service/brand/service_brand_sec_img_02.png]
[cellinteractive.jp/_int/wp-content/themes/pj-wp_cellinteractive/dist/images/service/brand/service_brand_sec_img_03.png]
[cellinteractive.jp/_int/wp-content/themes/pj-wp_cellinteractive/dist/images/service/brand/service_brand_sec_img_04.png]
[cellinteractive.jp/service/index.html]
[cellinteractive.jp/_int/wp-content/uploads/2024/08/03.jpg]
[cellinteractive.jp/_int/wp-content/uploads/2024/08/06.jpg]
[cellinteractive.jp/_int/wp-content/uploads/2024/08/05.jpg]
[cellinteractive.jp/_int/wp-content/uploads/2024/08/10.jpg]
[cellinteractive.jp/_int/wp-content/uploads/2024/08/Rectangle-3524-1-768x768.jpg]
[cellinteractive.jp/_int/wp-content/uploads/2024/08/12.jpg]
[cellinteractive.jp/_int/wp-content/uploads/2024/08/08.jpg]
[cellinteractive.jp/_int/wp-content/uploads/2024/08/13.jpg]
[cellinteractive.jp/_int/wp-content/uploads/2025/02/thumbnail-768x768.png]
[cellinteractive.jp/_int/wp-content/uploads/2024/08/07.jpg]
[cellinteractive.jp/_int/wp-content/uploads/2024/08/02.jpg]
[cellinteractive.jp/_int/wp-content/uploads/2024/08/11.jpg]
[cellinteractive.jp/_int/wp-content/uploads/2024/07/Rectangle-3524-768x768.jpg]
[cellinteractive.jp/_int/wp-content/uploads/2024/08/09.jpg]
[cellinteractive.jp/_int/wp-content/uploads/2024/08/15.jpg]
[cellinteractive.jp/_int/wp-content/uploads/2024/08/14.jpg]
[cellinteractive.jp/team/index.html]
[cellinteractive.jp/_int/wp-content/themes/pj-wp_cellinteractive/dist/images/company/company_main_img.jpg]
[cellinteractive.jp/_int/wp-content/themes/pj-wp_cellinteractive/dist/images/company/company_randam_carousel_img_01.jpg.webp]
[cellinteractive.jp/_int/wp-content/themes/pj-wp_cellinteractive/dist/images/company/company_randam_carousel_img_01.jpg]
[cellinteractive.jp/_int/wp-content/themes/pj-wp_cellinteractive/dist/images/company/company_randam_carousel_img_02.jpg.webp]
[cellinteractive.jp/_int/wp-content/themes/pj-wp_cellinteractive/dist/images/company/company_randam_carousel_img_02.jpg]
[cellinteractive.jp/_int/wp-content/themes/pj-wp_cellinteractive/dist/images/company/company_randam_carousel_img_03.jpg.webp]
[cellinteractive.jp/_int/wp-content/themes/pj-wp_cellinteractive/dist/images/company/company_randam_carousel_img_03.jpg]
[cellinteractive.jp/_int/wp-content/themes/pj-wp_cellinteractive/dist/images/company/company_randam_carousel_img_04.jpg.webp]
[cellinteractive.jp/_int/wp-content/themes/pj-wp_cellinteractive/dist/images/company/company_randam_carousel_img_04.jpg]
[cellinteractive.jp/company/index.html]
[cellinteractive.jp/_int/wp-content/uploads/2024/12/tanaka-1024x341.png]
[cellinteractive.jp/_int/wp-content/uploads/2024/12/sugano-1024x341.png]
[cellinteractive.jp/topics/blog/index.html]
[cellinteractive.jp/_int/wp-content/uploads/2024/12/osawa-1024x341.png]
[cellinteractive.jp/topics/recruit/index.html]
[cellinteractive.jp/_int/wp-content/uploads/2024/12/ushiyachi-1024x341.png]
[cellinteractive.jp/topics/779/index.html]
[cellinteractive.jp/_int/wp-content/uploads/2025/01/panap-1024x341.png]
[cellinteractive.jp/topics/774/index.html]
[cellinteractive.jp/_int/wp-content/uploads/2024/12/otsuka-1024x341.png]
[cellinteractive.jp/topics/770/index.html]
[cellinteractive.jp/_int/wp-content/uploads/2024/11/Group-7-1024x341.png]
[cellinteractive.jp/_int/wp-content/uploads/2024/11/Group-6-1024x341.png]
[cellinteractive.jp/_int/wp-content/uploads/2024/11/Group-5-1024x341.png]
[cellinteractive.jp/topics/index.html]
[cellinteractive.jp/topics/754/index.html]
[cellinteractive.jp/topics/746/index.html]
[cellinteractive.jp/topics/737/index.html]
[cellinteractive.jp/topics/731/index.html]
[www.google.com/recaptcha/api.js]
[cellinteractive.jp/talk-with-us/index.html]
[cellinteractive.jp/topics/729/index.html]
[cellinteractive.jp/_int/wp-content/themes/pj-wp_cellinteractive/dist/images/top/icon_metaball.svg]
[cellinteractive.jp/topics/719/index.html]
[cellinteractive.jp/topics/index6146.html]
[cellinteractive.jp/_int/wp-content/themes/pj-wp_cellinteractive/dist/images/top/icon_light.svg]
[cellinteractive.jp/topics/index8a68.html]
[cellinteractive.jp/_int/wp-content/uploads/2024/08/yachiyo_poultry_screenshot_tile-1-scaled.jpg]
[cellinteractive.jp/projects/125/index.html]
[cellinteractive.jp/_int/wp-content/uploads/2024/08/growin_partners_sp_main_image.jpg]
[cellinteractive.jp/_int/wp-content/uploads/2024/08/growin_partners_movie-1.mp4]
[cellinteractive.jp/_int/wp-content/uploads/2024/08/growin_partners_screenshot_tile-scaled.jpg]
[cellinteractive.jp/_int/wp-content/uploads/2024/08/growin_partners_icon_figure-scaled.jpg]
[cellinteractive.jp/projects/121/index.html]
[cellinteractive.jp/_int/wp-content/uploads/2024/08/nagoya_tv_sp_main_image.jpg]
[cellinteractive.jp/_int/wp-content/uploads/2024/08/nagoya_tv_image_1-scaled.jpg]
[cellinteractive.jp/_int/wp-content/uploads/2024/08/nagoya_tv_image_2-scaled.jpg]
[cellinteractive.jp/_int/wp-content/uploads/2024/08/nagoya_tv_illustration-scaled.jpg]
[cellinteractive.jp/_int/wp-content/uploads/2024/08/nagoya_tv_movie.mp4]
[cellinteractive.jp/projects/123/index.html]
[cellinteractive.jp/_int/wp-content/uploads/2024/08/my_arita_sp_main_image.jpg]
[cellinteractive.jp/projects/165/index.html]
[cellinteractive.jp/_int/wp-content/uploads/2024/08/my_arita_image_3-scaled.jpg]
[cellinteractive.jp/_int/wp-content/uploads/2024/08/my_arita_image_4-scaled.jpg]
[cellinteractive.jp/_int/wp-content/uploads/2024/08/my_arita_image_5-scaled.jpg]
[cellinteractive.jp/projects/124/index.html]
[cellinteractive.jp/projects/126/index.html]
[cellinteractive.jp/_int/wp-content/uploads/2024/08/konica_minolta_planetarium_main_image-scaled.jpg]
[cellinteractive.jp/projects/300/index.html]
[cellinteractive.jp/_int/wp-content/uploads/2024/08/konica_minolta_planetarium_sp_main_image.jpg]
[cellinteractive.jp/_int/wp-content/uploads/2024/08/konica_minolta_planetarium_full_screen-scaled.jpg]
[cellinteractive.jp/_int/wp-content/uploads/2024/08/konica_minolta_planetarium_illustration-scaled.jpg]
[cellinteractive.jp/projects/334/index.html]
[cellinteractive.jp/topics/796/index.html]
[cellinteractive.jp/topics/789/index.html]
[cellinteractive.jp/topics/785/index.html]
[cellinteractive.jp/_int/wp-content/themes/pj-wp_cellinteractive/dist/images/talk-with-us/talk-with-us_checked_img_01.svg]
[cellinteractive.jp/_int/wp-content/themes/pj-wp_cellinteractive/dist/images/talk-with-us/talk-with-us_selectbox_triangle_img.svg]
[cellinteractive.jp/_int/wp-content/themes/pj-wp_cellinteractive/dist/images/talk-with-us/talk-with-us_checked_img_02.svg]
[cellinteractive.jp/api/index.html]
[cellinteractive.jp/dist/index.html]
[cellinteractive.jp/_int/wp-content/plugins/wp-contact-form-7-spam-blocker/frontend/css/spam-protect-for-contact-form78a54.css]
[cellinteractive.jp/_int/wp-content/plugins/wpcf7-redirect/build/css/wpcf7-redirect-frontend.min4963.css]
[cellinteractive.jp/_int/wp-content/themes/pj-wp_cellinteractive/dist/images/about-us/about-us_top_carousel_img_01.jpg]
[cellinteractive.jp/_int/wp-content/themes/pj-wp_cellinteractive/dist/images/about-us/about-us_top_carousel_img_02.jpg]
[cellinteractive.jp/_int/wp-content/themes/pj-wp_cellinteractive/dist/images/about-us/about-us_top_carousel_img_03.jpg]
[cellinteractive.jp/_int/wp-content/themes/pj-wp_cellinteractive/dist/images/about-us/about-us_top_carousel_img_04.jpg]
[cellinteractive.jp/projects/311/index.html]
[cellinteractive.jp/projects/122/index.html]
[cellinteractive.jp/_int/wp-content/uploads/2024/08/abi_thumbnail-1-1024x683.jpg]
[cellinteractive.jp/_int/wp-content/uploads/2024/08/nash_thumbnail-1024x683.jpg]
[cellinteractive.jp/projects/brand/index.html]
[cellinteractive.jp/projects/digital/index.html]
[cellinteractive.jp/projects/407/index.html]
[cellinteractive.jp/projects/digital/index6146.html]
[cellinteractive.jp/projects/420/index.html]
[cellinteractive.jp/projects/390/index.html]
[cellinteractive.jp/projects/299/index.html]
[cellinteractive.jp/_int/wp-content/uploads/2024/08/mynavi_thumbnail-1-1024x683.jpg]
[cellinteractive.jp/_int/wp-content/uploads/2024/08/bruna_bonbon_thumbnail-1024x683.jpg]
[cellinteractive.jp/projects/movie/index.html]
[cellinteractive.jp/projects/363/index.html]
[cellinteractive.jp/projects/movie/index6146.html]
[cellinteractive.jp/_int/wp-content/uploads/2024/08/ecoru_togoshi_thumbnail-2-1024x683.jpg]
[cellinteractive.jp/projects/spatial/index.html]
[cellinteractive.jp/_int/wp-content/uploads/2024/08/whi_sp_main_image.jpg]
[cellinteractive.jp/_int/wp-content/uploads/2024/08/whi_screenshot-scaled.jpg]
[cellinteractive.jp/_int/wp-content/uploads/2024/08/whi_sp_screenshot-scaled.jpg]
[cellinteractive.jp/_int/wp-content/uploads/2024/08/whi_screenshot_tile-scaled.jpg]
[cellinteractive.jp/_int/wp-content/uploads/2024/08/whi_full_screen-scaled.jpg]
[cellinteractive.jp/_int/wp-content/uploads/2024/08/whi_pamphlet-scaled.jpg]
[cellinteractive.jp/projects/129/index.html]
[cellinteractive.jp/_int/wp-content/uploads/2024/08/tama_art_university_sp_main_image.jpg]
[cellinteractive.jp/_int/wp-content/uploads/2024/08/tama_art_university_image_3-scaled.jpg]
[cellinteractive.jp/_int/wp-content/uploads/2024/08/tama_art_university_image_2-scaled.jpg]
[cellinteractive.jp/projects/166/index.html]
[cellinteractive.jp/_int/wp-content/uploads/2024/08/solumina_sp_main_image-1.jpg]
[cellinteractive.jp/_int/wp-content/uploads/2024/08/solumina_screenshot-scaled.jpg]
[cellinteractive.jp/_int/wp-content/uploads/2024/08/solumina_screenshot_tile-scaled.jpg]
[cellinteractive.jp/_int/wp-content/uploads/2024/08/solumina_full_screen-scaled.jpg]
[cellinteractive.jp/_int/wp-content/uploads/2024/08/solumina_illustration-scaled.jpg]
[cellinteractive.jp/projects/160/index.html]
[cellinteractive.jp/_int/wp-content/uploads/2024/08/solumina_recruitment_sp_main_image-1.jpg]
[cellinteractive.jp/_int/wp-content/uploads/2024/08/solumina_recruitment_screenshot-13424-scaled.jpg]
[cellinteractive.jp/_int/wp-content/uploads/2024/08/solumina_recruitment_sp_screenshot-scaled.jpg]
[cellinteractive.jp/_int/wp-content/uploads/2024/08/solumina_recruitment_screenshot_tile-1-scaled.jpg]
[cellinteractive.jp/_int/wp-content/uploads/2024/08/solumina_recruitment_full_screen-scaled.jpg]
[cellinteractive.jp/projects/161/index.html]
[cellinteractive.jp/_int/wp-content/uploads/2024/08/unix_tokyo_sp_main_image.jpg]
[cellinteractive.jp/_int/wp-content/uploads/2024/08/unix_tokyo_screenshot_tile-scaled.jpg]
[cellinteractive.jp/_int/wp-content/uploads/2024/08/unix_tokyo_sp_screenshot-1-scaled.jpg]
[cellinteractive.jp/_int/wp-content/uploads/2024/08/unix_tokyo_movie_1.mp4]
[cellinteractive.jp/_int/wp-content/uploads/2024/08/unix_tokyo_movie_2.mp4]
[cellinteractive.jp/projects/168/index.html]
[cellinteractive.jp/_int/wp-content/uploads/2024/08/united_arrows_sp_main_image.jpg]
[cellinteractive.jp/_int/wp-content/uploads/2024/08/united_arrows_pc_sp_screenshot-scaled.jpg]
[cellinteractive.jp/_int/wp-content/uploads/2024/08/united_arrows_screenshot_tile-scaled.jpg]
[cellinteractive.jp/_int/wp-content/uploads/2024/08/united_arrows_sp_screenshot-scaled.jpg]
[cellinteractive.jp/projects/167/index.html]
[cellinteractive.jp/_int/wp-content/uploads/2024/08/saitama_citizens_medical_center_main_image-scaled.jpg]
[cellinteractive.jp/_int/wp-content/uploads/2024/08/saitama_citizens_medical_center_sp_main_image-1.jpg]
[cellinteractive.jp/_int/wp-content/uploads/2024/08/saitama_citizens_medical_center_screenshot-scaled.jpg]
[cellinteractive.jp/_int/wp-content/uploads/2024/08/saitama_citizens_medical_center_sp_screenshot-scaled.jpg]
[cellinteractive.jp/_int/wp-content/uploads/2024/08/saitama_citizens_medical_center_screenshot_tile-scaled.jpg]
[cellinteractive.jp/_int/wp-content/uploads/2024/08/saitama_citizens_medical_center_illustration-scaled.jpg]
[cellinteractive.jp/_int/wp-content/uploads/2024/08/saitama_citizens_medical_center_movie.mp4]
[cellinteractive.jp/projects/355/index.html]
[cellinteractive.jp/_int/wp-content/uploads/2024/08/acom_sp_main_image.jpg]
[cellinteractive.jp/_int/wp-content/uploads/2024/08/acom_screenshot-1-scaled.jpg]
[cellinteractive.jp/_int/wp-content/uploads/2024/08/acom_sp_screenshot-scaled.jpg]
[cellinteractive.jp/_int/wp-content/uploads/2024/08/acom_screenshot_tile-scaled.jpg]
[cellinteractive.jp/_int/wp-content/uploads/2024/08/acom_illustration-scaled.jpg]
[cellinteractive.jp/_int/wp-content/uploads/2024/08/acom_movie_thumbnail-scaled.jpg]
[cellinteractive.jp/projects/169/index.html]
[cellinteractive.jp/_int/wp-content/uploads/2024/08/narushima_sp_main_image.jpg]
[cellinteractive.jp/_int/wp-content/uploads/2024/08/narushima_screenshot-scaled.jpg]
[cellinteractive.jp/_int/wp-content/uploads/2024/08/narushima_sp_screenshot-scaled.jpg]
[cellinteractive.jp/_int/wp-content/uploads/2024/08/narushima_full_screen-scaled.jpg]
[cellinteractive.jp/_int/wp-content/uploads/2024/08/narushima_screenshot_tile-scaled.jpg]
[cellinteractive.jp/projects/164/index.html]
[cellinteractive.jp/_int/wp-content/uploads/2024/08/sakurai_buddha_sculpture_studio_sp_main_image.jpg]
[cellinteractive.jp/_int/wp-content/uploads/2024/08/sakurai_buddha_sculpture_studio_screenshot-scaled.jpg]
[cellinteractive.jp/_int/wp-content/uploads/2024/08/sakurai_buddha_sculpture_studio_sp_screenshot-scaled.jpg]
[cellinteractive.jp/_int/wp-content/uploads/2024/08/sakurai_buddha_sculpture_studio_screenshot_tile-scaled.jpg]
[cellinteractive.jp/_int/wp-content/uploads/2024/08/sakurai_buddha_sculpture_studio_logo-scaled.jpg]
[cellinteractive.jp/projects/357/index.html]
[cellinteractive.jp/_int/wp-content/uploads/2024/08/wm_design_thumbnail-1024x683.jpg]
[cellinteractive.jp/_int/wp-content/uploads/2024/08/intloop_thumbnail-1024x683.jpg]
[cellinteractive.jp/projects/162/index.html]
[cellinteractive.jp/_int/wp-content/uploads/2024/08/lastmile_works-_thumbnail-1024x683.jpg]
[cellinteractive.jp/projects/index6146.html]
[cellinteractive.jp/projects/127/index.html]
[cellinteractive.jp/_int/wp-content/uploads/2024/08/biglobe_thumbnail-1024x683.jpg]
[cellinteractive.jp/projects/163/index.html]
[cellinteractive.jp/_int/wp-content/uploads/2024/08/toho_house_holdings_thumbnail-2-1024x683.jpg]
[cellinteractive.jp/projects/index8a68.html]
[cellinteractive.jp/talk-with-us/document/index.html]
[cellinteractive.jp/projects/120/index.html]
[cellinteractive.jp/_int/wp-content/uploads/2024/08/ultramarine-color-solid-background-1920x1080-600x345-1.jpg]
[cellinteractive.jp/projects/389/index.html]
[cellinteractive.jp/topics/602/index.html]
[cellinteractive.jp/_int/wp-content/uploads/2024/08/paper_00046-1024x683.jpg]
[cellinteractive.jp/topics/600/index.html]
[cellinteractive.jp/_int/wp-content/uploads/2024/08/ultramarine-color-solid-background-1920x1080-1.jpg]
[cellinteractive.jp/topics/598/index.html]
[cellinteractive.jp/_int/wp-content/uploads/2024/08/metrograph_03-1024x682.jpg]
[cellinteractive.jp/_int/wp-content/uploads/2024/08/2_thumbnail-1024x768.jpg]
[cellinteractive.jp/topics/591/index.html]
[cellinteractive.jp/topics/589/index.html]
[cellinteractive.jp/_int/wp-content/uploads/2024/08/0428.jpg]
[cellinteractive.jp/topics/585/index.html]
[cellinteractive.jp/_int/wp-content/uploads/2024/08/DSCF3427-1024x683.jpg]
[cellinteractive.jp/_int/wp-content/uploads/2024/08/SDI0466.jpg]
[cellinteractive.jp/topics/587/index.html]
[cellinteractive.jp/_int/wp-content/uploads/2024/08/top2.jpg]
[cellinteractive.jp/_int/wp-content/uploads/2024/08/SDI0237-min-1024x576.jpg]
[cellinteractive.jp/_int/wp-content/uploads/2024/08/zekkei-dj-01-08.jpg]
[cellinteractive.jp/_int/wp-content/uploads/2024/08/ブログ_バナー-1024x589.jpg]
[cellinteractive.jp/topics/blog/index.html]
[cellinteractive.jp/topics/576/index.html]
[cellinteractive.jp/topics/580/index.html]
[cellinteractive.jp/topics/recruit/index.html]
[cellinteractive.jp/topics/574/index.html]
[cellinteractive.jp/topics/566/index.html]
[cellinteractive.jp/topics/779/index.html]
[cellinteractive.jp/topics/774/index.html]
[cellinteractive.jp/topics/770/index.html]
[cellinteractive.jp/topics/754/index.html]
[cellinteractive.jp/topics/746/index.html]
[cellinteractive.jp/topics/737/index.html]
[cellinteractive.jp/topics/731/index.html]
[cellinteractive.jp/topics/729/index.html]
[cellinteractive.jp/topics/719/index.html]
[cellinteractive.jp/topics/blog/index8a68.html]
[cellinteractive.jp/topics/blog/indexe377.html]
[cellinteractive.jp/topics/705/index.html]
[cellinteractive.jp/_int/wp-content/uploads/2024/11/Group-4-1024x341.png]
[cellinteractive.jp/_int/wp-content/uploads/2024/11/Group-3-1024x341.png]
[cellinteractive.jp/topics/694/index.html]
[cellinteractive.jp/_int/wp-content/uploads/2024/11/thumbnail-1024x341.png]
[cellinteractive.jp/topics/680/index.html]
[cellinteractive.jp/_int/wp-content/uploads/2024/10/common_default_thumbnail_img.jpg-1024x683.webp]
[cellinteractive.jp/topics/670/index.html]
[cellinteractive.jp/_int/wp-content/uploads/2024/09/thumbnail-1024x605.png]
[cellinteractive.jp/topics/650/index.html]
[cellinteractive.jp/_int/wp-content/uploads/2024/08/DSC02069-1024x684.jpg]
[cellinteractive.jp/_int/wp-content/uploads/2024/08/css_awards.jpg]
[cellinteractive.jp/topics/index6146.html]
[cellinteractive.jp/_int/wp-content/uploads/2024/08/bd_00-1024x576.jpg]
[cellinteractive.jp/topics/indexe377.html]
[cellinteractive.jp/topics/593/index.html]
[cellinteractive.jp/topics/584/index.html]
[cellinteractive.jp/_int/wp-content/uploads/2024/08/Blog_thumbnail-1024x608.jpg]
[cellinteractive.jp/_int/wp-content/uploads/2024/08/blog-1024x608.png]
[cellinteractive.jp/topics/578/index.html]
[cellinteractive.jp/topics/604/index.html]
[cellinteractive.jp/topics/571/index.html]
[cellinteractive.jp/_int/wp-content/uploads/2024/08/awwwards-600x345-600x345-1.png]
[cellinteractive.jp/_int/wp-content/uploads/2024/08/DTM.jpg]
[cellinteractive.jp/topics/index8a68.html]
[cellinteractive.jp/topics/559/index.html]
[cellinteractive.jp/topics/index880d.html]
[cellinteractive.jp/topics/index034a.html]
[cellinteractive.jp/topics/561/index.html]
[cellinteractive.jp/_int/wp-content/uploads/2024/08/yachiyo_poultry_illustration-2-scaled.jpg]
[cellinteractive.jp/_int/wp-content/uploads/2024/08/saunatour_image_2-scaled.jpg]
[cellinteractive.jp/projects/165/index.html]
[cellinteractive.jp/_int/wp-content/uploads/2024/08/mooovin_sp_main_image.jpg]
[cellinteractive.jp/_int/wp-content/uploads/2024/08/mooovin_screenshot-1-scaled.jpg]
[cellinteractive.jp/_int/wp-content/uploads/2024/08/mooovin_sp_screenshot-1-scaled.jpg]
[cellinteractive.jp/_int/wp-content/uploads/2024/08/mooovin_full_screen-scaled.jpg]
[cellinteractive.jp/_int/wp-content/uploads/2024/08/mooovin_illustration-scaled.jpg]
[cellinteractive.jp/projects/126/index.html]
[cellinteractive.jp/_int/wp-content/uploads/2024/08/shinmei_denzai_sp_main_image-1.jpg]
[cellinteractive.jp/_int/wp-content/uploads/2024/08/shinmei_denzai_screenshot-1-scaled.jpg]
[cellinteractive.jp/_int/wp-content/uploads/2024/08/shinmei_denzai_sp_screenshot-1-scaled.jpg]
[cellinteractive.jp/_int/wp-content/uploads/2024/08/shinmei_denzai_screenshot_tile-1-scaled.jpg]
[cellinteractive.jp/_int/wp-content/uploads/2024/08/shinmei_denzai_full_screen-1-scaled.jpg]
[cellinteractive.jp/projects/300/index.html]
[cellinteractive.jp/_int/wp-content/uploads/2024/08/mynavi_sp_main_image-1.jpg]
[cellinteractive.jp/_int/wp-content/uploads/2024/08/mynavi_screenshot-scaled.jpg]
[cellinteractive.jp/_int/wp-content/uploads/2024/08/mynavi_sp_screenshot-scaled.jpg]
[cellinteractive.jp/_int/wp-content/uploads/2024/08/mynavi_graphic-1-scaled.jpg]
[cellinteractive.jp/projects/311/index.html]
[cellinteractive.jp/_int/wp-content/uploads/2024/08/bruna_bonbon_sp_main_image.jpg]
[cellinteractive.jp/_int/wp-content/uploads/2024/08/bruna_bonbon_screenshot-scaled.jpg]
[cellinteractive.jp/_int/wp-content/uploads/2024/08/bruna_bonbon_sp_screenshot-scaled.jpg]
[cellinteractive.jp/_int/wp-content/uploads/2024/08/bruna_bonbon_image_1-scaled.jpg]
[cellinteractive.jp/_int/wp-content/uploads/2024/08/bruna_bonbon_image_2-scaled.jpg]
[cellinteractive.jp/_int/wp-content/uploads/2024/08/bruna_bonbon_movie-1.mp4]
[cellinteractive.jp/projects/122/index.html]
[cellinteractive.jp/_int/wp-content/uploads/2024/08/mooovin_thumbnail-1024x683.jpg]
[cellinteractive.jp/_int/wp-content/uploads/2024/08/cre_sp_main_image.jpg]
[cellinteractive.jp/_int/wp-content/uploads/2024/08/cre_screenshot-scaled.jpg]
[cellinteractive.jp/_int/wp-content/uploads/2024/08/cre_sp_screenshot-scaled.jpg]
[cellinteractive.jp/_int/wp-content/uploads/2024/08/cre_screenshot_tile-scaled.jpg]
[cellinteractive.jp/_int/wp-content/uploads/2024/08/cre_illustration-scaled.jpg]
[cellinteractive.jp/_int/wp-content/uploads/2024/08/cre_tools_1-scaled.jpg]
[cellinteractive.jp/_int/wp-content/uploads/2024/08/cre_tools_2-scaled.jpg]
[cellinteractive.jp/projects/390/index.html]
[cellinteractive.jp/_int/wp-content/uploads/2024/08/cre_thumbnail-1-1024x683.jpg]
[cellinteractive.jp/_int/wp-content/uploads/2024/08/abi_sp_main_image-1.jpg]
[cellinteractive.jp/_int/wp-content/uploads/2024/08/abi_screenshot-1-scaled.jpg]
[cellinteractive.jp/_int/wp-content/uploads/2024/08/abi_sp_screenshot-1-scaled.jpg]
[cellinteractive.jp/_int/wp-content/uploads/2024/08/abi_screenshot_tile-1-scaled.jpg]
[cellinteractive.jp/_int/wp-content/uploads/2024/08/abi_tools_1-scaled.jpg]
[cellinteractive.jp/_int/wp-content/uploads/2024/08/abi_tools_2-scaled.jpg]
[cellinteractive.jp/_int/wp-content/uploads/2024/08/abi_illustration_1-scaled.jpg]
[cellinteractive.jp/_int/wp-content/uploads/2024/08/abi_screenshot_2-scaled.jpg]
[cellinteractive.jp/_int/wp-content/uploads/2024/08/abi_illustration_2-scaled.jpg]
[cellinteractive.jp/_int/wp-content/uploads/2024/08/abi_tools_3-scaled.jpg]
[cellinteractive.jp/projects/407/index.html]
[cellinteractive.jp/_int/wp-content/uploads/2024/08/nash_sp_main_image.jpg]
[cellinteractive.jp/_int/wp-content/uploads/2024/08/nash_tools_1-scaled.jpg]
[cellinteractive.jp/_int/wp-content/uploads/2024/08/nash_tools_2-scaled.jpg]
[cellinteractive.jp/projects/420/index.html]
[cellinteractive.jp/projects/digital/index6146.html]
[cellinteractive.jp/_int/wp-content/uploads/2024/08/shinmei_denzai_thumbnail-1-1024x683.jpg]
[cellinteractive.jp/_int/wp-content/uploads/2024/08/saunatour_thumbnail-1024x683.jpg]
[cellinteractive.jp/projects/digital/index8a68.html]
[cellinteractive.jp/_int/wp-content/uploads/2024/08/high_in_japan_sp_main_image.jpg]
[cellinteractive.jp/_int/wp-content/uploads/2024/08/high_in_japan_screenshot_tile_1-scaled.jpg]
[cellinteractive.jp/_int/wp-content/uploads/2024/08/high_in_japan_screenshot_tile_2-scaled.jpg]
[cellinteractive.jp/projects/299/index.html]
[cellinteractive.jp/projects/movie/index6146.html]
[cellinteractive.jp/_int/wp-content/uploads/2024/08/ecoru_togoshi_sp_main_image-1.jpg]
[cellinteractive.jp/_int/wp-content/uploads/2024/08/high_in_japan_thumbnail-1024x683.jpg]
[cellinteractive.jp/_int/wp-content/uploads/2024/08/ecoru_togoshi_image_1-1-scaled.jpg]
[cellinteractive.jp/_int/wp-content/uploads/2024/08/ecoru_togoshi_image_2-1-scaled.jpg]
[cellinteractive.jp/_int/wp-content/uploads/2024/08/ecoru_togoshi_image_3-1-scaled.jpg]
[cellinteractive.jp/projects/363/index.html]
[cellinteractive.jp/_int/wp-content/uploads/2024/08/wm_design_sp_main_image.jpg]
[cellinteractive.jp/_int/wp-content/uploads/2024/08/wm_design_screenshot-scaled.jpg]
[cellinteractive.jp/_int/wp-content/uploads/2024/08/wm_design_sp_screenshot-scaled.jpg]
[cellinteractive.jp/_int/wp-content/uploads/2024/08/wm_design_screenshot_tile-scaled.jpg]
[cellinteractive.jp/projects/162/index.html]
[cellinteractive.jp/_int/wp-content/uploads/2024/08/intloop_sp_main_image.jpg]
[cellinteractive.jp/_int/wp-content/uploads/2024/08/intloop_screenshot-scaled.jpg]
[cellinteractive.jp/_int/wp-content/uploads/2024/08/intloop_sp_screenshot-scaled.jpg]
[cellinteractive.jp/_int/wp-content/uploads/2024/08/intloop_illustration_1-scaled.jpg]
[cellinteractive.jp/_int/wp-content/uploads/2024/08/intloop_screenshot_tile-scaled.jpg]
[cellinteractive.jp/_int/wp-content/uploads/2024/08/intloop_illustration_2-scaled.jpg]
[cellinteractive.jp/_int/wp-content/uploads/2024/08/intloop_movie.mp4]
[cellinteractive.jp/projects/127/index.html]
[cellinteractive.jp/_int/wp-content/uploads/2024/08/lastmile_works_sp_main_image.jpg]
[cellinteractive.jp/_int/wp-content/uploads/2024/08/lastmile_works_screenshot-scaled.jpg]
[cellinteractive.jp/_int/wp-content/uploads/2024/08/lastmile_works_sp_screenshot-scaled.jpg]
[cellinteractive.jp/_int/wp-content/uploads/2024/08/lastmile_works_screenshot_tile-scaled.jpg]
[cellinteractive.jp/projects/163/index.html]
[cellinteractive.jp/_int/wp-content/uploads/2024/08/biglobe_sp_main_image.jpg]
[cellinteractive.jp/_int/wp-content/uploads/2024/08/biglobe_screenshot-scaled.jpg]
[cellinteractive.jp/_int/wp-content/uploads/2024/08/biglobe_sp_screenshot-scaled.jpg]
[cellinteractive.jp/_int/wp-content/uploads/2024/08/biglobe_screenshot_tile-scaled.jpg]
[cellinteractive.jp/_int/wp-content/uploads/2024/08/biglobe_icon-scaled.jpg]
[cellinteractive.jp/projects/120/index.html]
[cellinteractive.jp/_int/wp-content/uploads/2024/08/toho_house_holdings_sp_main_image-1.jpg]
[cellinteractive.jp/_int/wp-content/uploads/2024/08/toho_house_holdings_screenshot-scaled.jpg]
[cellinteractive.jp/_int/wp-content/uploads/2024/08/toho_house_holdings_screenshot_tile-scaled.jpg]
[cellinteractive.jp/_int/wp-content/uploads/2024/08/toho_house_holdings_sp_screenshot-scaled.jpg]
[cellinteractive.jp/_int/wp-content/uploads/2024/08/toho_house_holdings_tools_2-scaled.jpg]
[cellinteractive.jp/_int/wp-content/uploads/2024/08/toho_house_holdings_tools_3-scaled.jpg]
[cellinteractive.jp/_int/wp-content/uploads/2024/08/toho_house_holdings_tools_4-scaled.jpg]
[cellinteractive.jp/_int/wp-content/uploads/2024/08/toho_house_holdings_logo-scaled.jpg]
[cellinteractive.jp/projects/389/index.html]
[cellinteractive.jp/topics/602/index.html]
[cellinteractive.jp/topics/600/index.html]
[www.okayplayer.com/media-library/the-15-best-thundercat-bass-features73c3.jpg]
[brutus.jp/wp-content/uploads/2022/03/36m.jpg]
[gigaplus.makeshop.jp/HOL2014BtoC/news/BRD2049-cover.jpg]
[cellinteractive.jp/topics/598/index.html]
[www.cellinteractive.jp/wp/wp-content/uploads/2023/06/metrograph_02-1024x682.jpg]
[www.cellinteractive.jp/wp/wp-content/uploads/2023/06/metrograph_03-1024x682.jpg]
[www.cellinteractive.jp/wp/wp-content/uploads/2023/06/printedmatter-683x1024.jpg]
[www.cellinteractive.jp/wp/wp-content/uploads/2023/06/printedmatter_02-1024x682.jpg]
[www.cellinteractive.jp/wp/wp-content/uploads/2023/06/monopo_01-1024x682.jpg]
[www.cellinteractive.jp/wp/wp-content/uploads/2023/06/monopo_02-1024x682.jpg]
[cellinteractive.jp/_int/wp-includes/js/mediaelement/mediaelementplayer-legacy.min1f61.css]
[cellinteractive.jp/topics/591/index.html]
[cellinteractive.jp/_int/wp-includes/js/mediaelement/wp-mediaelement.mind1c0.css]
[www.cellinteractive.jp/wp/wp-content/uploads/2023/06/2_1.jpg]
[cellinteractive.jp/_int/news/587/index.html]
[www.cellinteractive.jp/wp/wp-content/uploads/2023/06/2_4-1024x728.jpg]
[www.cellinteractive.jp/wp/wp-content/uploads/2023/06/2_3-1024x728.jpg]
[www.cellinteractive.jp/wp/wp-content/uploads/2023/06/2_5-1024x728.jpg]
[www.cellinteractive.jp/wp/wp-content/uploads/2023/06/2_6-1024x683.jpg]
[www.cellinteractive.jp/wp/wp-content/uploads/2023/06/2_7-1024x683.jpg]
[www.cellinteractive.jp/wp/wp-content/uploads/2023/06/2_thumbnail-1024x768.jpg]
[cellinteractive.jp/topics/589/index.html]
[www.cellinteractive.jp/wp/wp-content/uploads/2023/04/Group-1-1024x597.jpg]
[cellinteractive.jp/topics/585/index.html]
[www.cellinteractive.jp/wp/wp-content/uploads/2023/05/スクリーンショット-2023-05-16-23.08.00-1024x620.png]
[www.cellinteractive.jp/wp/wp-content/uploads/2023/05/C64ED3C1-930F-4732-B1A2-87592B947A53-2950-0000016A42A86A82-1024x683.jpg]
[cellinteractive.jp/_int/news/576/index.html]
[www.cellinteractive.jp/wp/wp-content/uploads/2023/05/DSC04822-1024x684.jpg]
[www.cellinteractive.jp/wp/wp-content/uploads/2023/05/DSCF3427-1024x683.jpg]
[www.cellinteractive.jp/wp/wp-content/uploads/2023/05/写真-2023-05-04-11-05-16-1024x768.png]
[www.cellinteractive.jp/wp/wp-content/uploads/2023/05/Group-2-1024x682.png]
[www.cellinteractive.jp/wp/wp-content/uploads/2023/05/Group-1-1024x682.png]
[www.cellinteractive.jp/wp/wp-content/uploads/2023/05/DSC04832-1024x684.jpg]
[www.cellinteractive.jp/wp/wp-content/uploads/2023/05/day1-768x1024.jpg]
[cellinteractive.jp/topics/587/index.html]
[www.cellinteractive.jp/wp/wp-content/uploads/2022/09/SDI0466.jpg]
[www.cellinteractive.jp/wp/wp-content/uploads/2022/09/SDI0509.jpg]
[www.cellinteractive.jp/wp/wp-content/uploads/2022/09/0B0A3639.jpg]
[www.cellinteractive.jp/wp/wp-content/uploads/2022/09/0B0A4048.jpg]
[www.cellinteractive.jp/wp/wp-content/uploads/2022/09/0B0A3881.jpg]
[www.cellinteractive.jp/wp/wp-content/uploads/2022/09/DSF7598.jpg]
[www.cellinteractive.jp/wp/wp-content/uploads/2022/09/SDI0903.jpg]
[www.cellinteractive.jp/wp/wp-content/uploads/2022/09/SDI0446.jpg]
[www.cellinteractive.jp/wp/wp-content/uploads/2022/09/SDI0603.jpg]
[www.cellinteractive.jp/wp/wp-content/uploads/2022/09/SDI0448.jpg]
[www.cellinteractive.jp/wp/wp-content/uploads/2022/09/0B0A3874.jpg]
[www.cellinteractive.jp/wp/wp-content/uploads/2022/09/SDI1021.jpg]
[www.cellinteractive.jp/wp/wp-content/uploads/2022/09/IMG_0123.jpg]
[cellinteractive.jp/topics/580/index.html]
[www.cellinteractive.jp/wp/wp-content/uploads/2022/08/2-1-1024x711.jpg]
[www.cellinteractive.jp/wp/wp-content/uploads/2022/08/2-1024x683.jpg]
[www.cellinteractive.jp/wp/wp-content/uploads/2022/08/3-670x1024.jpg]
[cellinteractive.jp/topics/576/index.html]
[www.cellinteractive.jp/wp/wp-content/uploads/2022/08/SDI0237-min-1024x576.jpg]
[www.cellinteractive.jp/wp/wp-content/uploads/2022/08/SDI0263-min-1024x576.jpg]
[www.cellinteractive.jp/wp/wp-content/uploads/2022/08/SDI0277-min-1024x576.jpg]
[www.cellinteractive.jp/wp/wp-content/uploads/2022/08/SDI0306-min-1024x576.jpg]
[www.cellinteractive.jp/wp/wp-content/uploads/2022/08/SDI0282-min-1024x576.jpg]
[www.cellinteractive.jp/wp/wp-content/uploads/2022/08/SDI0257-min-1024x576.jpg]
[cellinteractive.jp/topics/574/index.html]
[www.cellinteractive.jp/wp/wp-content/uploads/2022/08/BS12_220805-724x1024.jpg]
[cellinteractive.jp/topics/566/index.html]
[cellinteractive.jp/topics/564/index.html]
[cellinteractive.jp/_int/wp-content/uploads/2024/08/blogbackground_2-600x356-1.jpg]
[cellinteractive.jp/topics/blog/index6146.html]
[cellinteractive.jp/topics/532/index.html]
[cellinteractive.jp/_int/wp-content/uploads/2024/08/DSF3531_3-1024x608.jpg]
[cellinteractive.jp/topics/517/index.html]
[cellinteractive.jp/_int/wp-content/uploads/2024/08/DSF2863.jpg]
[cellinteractive.jp/_int/wp-content/uploads/2024/08/DSF2037_.jpg]
[cellinteractive.jp/_int/wp-content/uploads/2024/08/DSF1864_2.jpg]
[cellinteractive.jp/_int/wp-content/uploads/2024/08/blogbackground_5-300x178-1.png]
[cellinteractive.jp/topics/516/index.html]
[cellinteractive.jp/topics/510/index.html]
[cellinteractive.jp/topics/506/index.html]
[cellinteractive.jp/_int/wp-content/uploads/2024/08/blogbackground_2-600x356w.jpg]
[cellinteractive.jp/topics/503/index.html]
[cellinteractive.jp/_int/wp-content/uploads/2024/08/DSF1098_2-1024x608.jpg]
[cellinteractive.jp/topics/501/index.html]
[cellinteractive.jp/_int/wp-content/uploads/2024/08/blogbackground_5.png]
[cellinteractive.jp/_int/wp-content/uploads/2024/08/blogbackground_4-1.png]
[cellinteractive.jp/topics/499/index.html]
[cellinteractive.jp/_int/wp-content/uploads/2024/08/blogbackground_3-1024x608.png]
[cellinteractive.jp/topics/497/index.html]
[cellinteractive.jp/_int/wp-content/uploads/2024/08/blogbackground-1024x608.jpg]
[cellinteractive.jp/topics/blog/index8a68.html]
[cellinteractive.jp/topics/495/index.html]
[cellinteractive.jp/topics/493/index.html]
[cellinteractive.jp/topics/486/index.html]
[cellinteractive.jp/topics/479/index.html]
[cellinteractive.jp/_int/wp-content/uploads/2019/06/blogbackground_2-1024x608.jpg]
[cellinteractive.jp/topics/blog/indexe377.html]
[cellinteractive.jp/topics/705/index.html]
[cellinteractive.jp/topics/694/index.html]
[cellinteractive.jp/topics/680/index.html]
[cellinteractive.jp/topics/670/index.html]
[cellinteractive.jp/topics/news/index.html]
[cellinteractive.jp/_int/wp-content/uploads/2024/09/img_01-1024x650.png]
[cellinteractive.jp/topics/650/index.html]
[cellinteractive.jp/topics/recruit/index6146.html]
[cellinteractive.jp/_int/wp-content/uploads/2024/07/image_2-1024x320_w.jpg]
[cellinteractive.jp/topics/604/index.html]
[cellinteractive.jp/topics/593/index.html]
[cellinteractive.jp/_int/wp-content/uploads/2024/08/doraemon-600x345-1.png]
[cellinteractive.jp/topics/557/index.html]
[cellinteractive.jp/_int/wp-content/uploads/2024/08/0517.jpg]
[cellinteractive.jp/_int/wp-content/uploads/2024/08/0510_blog.jpg]
[cellinteractive.jp/_int/wp-content/uploads/2024/08/untitledのコピー.png]
[cellinteractive.jp/topics/555/index.html]
[cellinteractive.jp/_int/wp-content/uploads/2024/08/7d5765502687a18fea043b3496843de5-1.jpg]
[cellinteractive.jp/topics/551/index.html]
[cellinteractive.jp/_int/wp-content/uploads/2024/08/thumbnail_sugimoto.png]
[cellinteractive.jp/topics/549/index.html]
[cellinteractive.jp/_int/wp-content/uploads/2024/08/スクリーンショット-2021-04-12-22.01.46.png]
[cellinteractive.jp/topics/547/index.html]
[cellinteractive.jp/_int/wp-content/uploads/2024/08/アイキャッチ.jpg]
[cellinteractive.jp/topics/545/index.html]
[cellinteractive.jp/_int/wp-content/uploads/2024/08/アセット-1.png]
[cellinteractive.jp/topics/543/index.html]
[cellinteractive.jp/_int/wp-content/uploads/2024/08/1-1.jpg]
[cellinteractive.jp/topics/541/index.html]
[cellinteractive.jp/_int/wp-content/uploads/2024/08/blogbackground_5-1.png]
[cellinteractive.jp/topics/indexe377.html]
[cellinteractive.jp/topics/539/index.html]
[cellinteractive.jp/topics/536/index.html]
[cellinteractive.jp/topics/534/index.html]
[www.cellinteractive.jp/wp/wp-content/uploads/2023/03/bd_06-1024x683.jpg]
[www.cellinteractive.jp/wp/wp-content/uploads/2023/03/bd_07-1024x682.jpg]
[www.cellinteractive.jp/wp/wp-content/uploads/2023/03/bd_04-1024x683.jpg]
[www.cellinteractive.jp/wp/wp-content/uploads/2023/03/bd_03-1024x683.jpg]
[cellinteractive.jp/topics/584/index.html]
[www.cellinteractive.jp/wp/wp-content/uploads/2022/09/Blog_thumbnail-1024x608.jpg]
[cellinteractive.jp/topics/578/index.html]
[www.cellinteractive.jp/wp/wp-content/uploads/2022/07/blog.png]
[cellinteractive.jp/topics/571/index.html]
[cellinteractive.jp/topics/561/index.html]
[cellinteractive.jp/topics/559/index.html]
[cellinteractive.jp/_int/wp-content/uploads/2024/08/bianca_recruit_Film_thumb-1024x589.jpg]
[cellinteractive.jp/topics/530/index.html]
[cellinteractive.jp/topics/525/index.html]
[cellinteractive.jp/_int/wp-content/uploads/2024/08/FH000024-2-1024x686.jpg]
[cellinteractive.jp/_int/wp-content/uploads/2024/08/cheery_movie-1024x589.jpg]
[cellinteractive.jp/_int/wp-content/themes/pj-wp_cellinteractive/dist/images/common/common_default_thumbnail_img.jpg]
[cellinteractive.jp/topics/523/index.html]
[cellinteractive.jp/_int/wp-content/uploads/2019/05/DSF3531_3-600x356-1-1024x608.jpg]
[cellinteractive.jp/topics/index880d.html]
[cellinteractive.jp/topics/index034a.html]
[cellinteractive.jp/topics/519/index.html]
[cellinteractive.jp/topics/521/index.html]
[cellinteractive.jp/topics/513/index.html]
[cellinteractive.jp/topics/476/index.html]
[cellinteractive.jp/projects/digital/index8a68.html]
[m.media-amazon.com/images/M/MV5BOGU3YmQyODctNjFhOS00MGFjLWI2ZTAtNGRjOWMyYzY4NmRjXkEyXkFqcGdeQXVyMTIwODk1NTQ@._V1_.jpg]
[cellinteractive.jp/_int/wp-includes/js/mediaelement/mediaelementplayer-legacy.min1f61.css]
[cellinteractive.jp/_int/wp-includes/js/mediaelement/wp-mediaelement.mind1c0.css]
[cellinteractive.jp/_int/news/587/index.html]
[cellinteractive.jp/_int/news/576/index.html]
[cellinteractive.jp/topics/564/index.html]
[cellinteractive.jp/topics/blog/index6146.html]
[cellinteractive.jp/_int/wp-content/uploads/2024/08/saunatour_sp_main_image.jpg]
[cellinteractive.jp/_int/wp-content/uploads/2024/08/saunatour_image_1-scaled.jpg]
[www.cellinteractive.jp/wp/wp-content/uploads/2021/02/nenga-1.jpg]
[www.cellinteractive.jp/wp/wp-content/uploads/2021/02/スクリーンショット-2021-02-13-22.13.51.png]
[cellinteractive.jp/topics/532/index.html]
[www.cellinteractive.jp/wp/wp-content/uploads/2020/02/DSF3531_3_2-1.jpg]
[www.cellinteractive.jp/wp/wp-content/uploads/2020/02/DSF3516_2.jpg]
[www.cellinteractive.jp/wp/wp-content/uploads/2020/02/DSF3509_2.jpg]
[www.cellinteractive.jp/wp/wp-content/uploads/2020/02/IMG_0873.jpg]
[cellinteractive.jp/topics/517/index.html]
[www.cellinteractive.jp/wp/wp-content/uploads/2020/01/DSF2868.jpg]
[www.cellinteractive.jp/wp/wp-content/uploads/2020/01/DSF2873.jpg]
[cellinteractive.jp/_int/news/501/index.html]
[www.cellinteractive.jp/wp/wp-content/uploads/2020/01/DSF2883.jpg]
[cellinteractive.jp/topics/516/index.html]
[www.cellinteractive.jp/wp/wp-content/uploads/2019/12/IMG_4618_.jpg]
[www.cellinteractive.jp/wp/wp-content/uploads/2019/12/IMG_4615_.jpg]
[www.cellinteractive.jp/wp/wp-content/uploads/2019/12/DSF2037_.jpg]
[www.cellinteractive.jp/wp/wp-content/uploads/2019/12/IMG_4679_.jpg]
[www.cellinteractive.jp/wp/wp-content/uploads/2019/12/DSF2112_.jpg]
[www.cellinteractive.jp/wp/wp-content/uploads/2019/12/IMG_4676_.jpg]
[www.cellinteractive.jp/wp/wp-content/uploads/2019/12/IMG_2397_.jpg]
[www.cellinteractive.jp/wp/wp-content/uploads/2019/06/image223.jpg]
[cellinteractive.jp/topics/510/index.html]
[cellinteractive.jp/_int/wp-content/uploads/2019/12/DSF1913-768x512-1.jpg]
[cellinteractive.jp/_int/news/486/index.html]
[cellinteractive.jp/_int/wp-content/uploads/2019/12/DSF1864-1-768x512-1.jpg]
[cellinteractive.jp/_int/wp-content/uploads/2019/12/DSF1916-768x512-1.jpg]
[cellinteractive.jp/_int/wp-content/uploads/2019/12/DSF1921-768x512-1.jpg]
[cellinteractive.jp/_int/wp-content/uploads/2019/12/DSF1867-768x512-1.jpg]
[cellinteractive.jp/_int/wp-content/uploads/2019/12/DSF1875-768x512-1.jpg]
[cellinteractive.jp/_int/wp-content/uploads/2019/12/DSF1880-768x512-1.jpg]
[cellinteractive.jp/_int/wp-content/uploads/2019/12/DSF1874-768x512-1.jpg]
[cellinteractive.jp/_int/wp-content/uploads/2019/06/image223-scaled.jpg]
[cellinteractive.jp/topics/506/index.html]
[cellinteractive.jp/topics/503/index.html]
[cellinteractive.jp/topics/501/index.html]
[www.cellinteractive.jp/wp/wp-content/uploads/2019/10/IMG_6559.jpg]
[www.cellinteractive.jp/wp/wp-content/uploads/2019/10/IMG_7465.jpg]
[www.cellinteractive.jp/wp/wp-content/uploads/2019/10/IMG_6925-1.jpg]
[www.cellinteractive.jp/wp/wp-content/uploads/2019/10/IMG_6669-1.jpg]
[www.cellinteractive.jp/wp/wp-content/uploads/2019/10/IMG_7621-1.jpg]
[www.cellinteractive.jp/wp/wp-content/uploads/2019/10/IMG_6710-1.jpg]
[www.cellinteractive.jp/wp/wp-content/uploads/2019/10/IMG_6595.jpg]
[www.cellinteractive.jp/wp/wp-content/uploads/2019/10/IMG_6839.jpg]
[www.cellinteractive.jp/wp/wp-content/uploads/2019/10/IMG_6938-1.jpg]
[www.cellinteractive.jp/wp/wp-content/uploads/2019/10/IMG_7730_2-1.jpg]
[www.cellinteractive.jp/wp/wp-content/uploads/2019/10/IMG_6431-1.jpg]
[www.cellinteractive.jp/wp/wp-content/uploads/2019/10/DSF0792-1.jpg]
[www.cellinteractive.jp/wp/wp-content/uploads/2019/10/IMG_6411-1.jpg]
[www.cellinteractive.jp/wp/wp-content/uploads/2019/10/IMG_6524-1.jpg]
[www.cellinteractive.jp/wp/wp-content/uploads/2019/10/IMG_7071_all-2.jpg]
[www.cellinteractive.jp/wp/wp-content/uploads/2019/10/DSF1293-1.jpg]
[www.cellinteractive.jp/wp/wp-content/uploads/2019/10/IMG_6494_2-1.jpg]
[www.cellinteractive.jp/wp/wp-content/uploads/2019/10/IMG_6499-1.jpg]
[www.cellinteractive.jp/wp/wp-content/uploads/2019/10/IMG_6351-1.jpg]
[www.cellinteractive.jp/wp/wp-content/uploads/2019/10/DSF0669-1.jpg]
[www.cellinteractive.jp/wp/wp-content/uploads/2019/10/IMG_6332.jpg]
[www.cellinteractive.jp/wp/wp-content/uploads/2019/10/IMG_6946-1.jpg]
[www.cellinteractive.jp/wp/wp-content/uploads/2019/10/IMG_7116_2-1.jpg]
[www.cellinteractive.jp/wp/wp-content/uploads/2019/10/IMG_6329_2-1.jpg]
[cellinteractive.jp/topics/499/index.html]
[cellinteractive.jp/topics/497/index.html]
[cellinteractive.jp/topics/495/index.html]
[www.cellinteractive.jp/wp/wp-content/uploads/2019/06/jobs_05.gif]
[cellinteractive.jp/topics/493/index.html]
[cellinteractive.jp/topics/486/index.html]
[cellinteractive.jp/topics/479/index.html]
[cellinteractive.jp/topics/news/index.html]
[cellinteractive.jp/topics/recruit/index6146.html]
[cellinteractive.jp/topics/news/index6146.html]
[public.codepenassets.com/embed/index.js]
[cellinteractive.jp/topics/557/index.html]
[cellinteractive.jp/_int/news/534/index.html]
[www.celldivision.jp/wp/wp-content/uploads/2021/05/0517.jpg]
[cellinteractive.jp/topics/555/index.html]
[cellinteractive.jp/_int/news/545/index.html]
[www.celldivision.jp/wp/wp-content/uploads/2021/05/0510_blog.jpg]
[cellinteractive.jp/topics/551/index.html]
[www.celldivision.jp/wp/wp-content/uploads/2021/04/friends.png]
[cellinteractive.jp/topics/549/index.html]
[www.celldivision.jp/wp/wp-content/uploads/2021/04/IMG_6858.jpg]
[www.celldivision.jp/wp/wp-content/uploads/2021/04/IMG_6833.jpg]
[www.celldivision.jp/wp/wp-content/uploads/2021/04/IMG_6880-2.jpg]
[cellinteractive.jp/topics/547/index.html]
[www.cellinteractive.jp/wp/wp-content/uploads/2021/04/sugimoto_01.jpg]
[cellinteractive.jp/topics/545/index.html]
[cellinteractive.jp/topics/543/index.html]
[www.cellinteractive.jp/wp/wp-content/uploads/2021/03/IMG_2118re.jpg]
[www.cellinteractive.jp/wp/wp-content/uploads/2021/03/IMG_5015re.jpg]
[cellinteractive.jp/topics/541/index.html]
[www.cellinteractive.jp/wp/wp-content/uploads/2021/03/RNI-Films-IMG-4EAC0297-53E8-46E7-81E8-57EE5CEE7E62_Original.jpg]
[www.cellinteractive.jp/wp/wp-content/uploads/2021/03/RNI-Films-IMG-C9C9E849-DB52-46C6-8B1A-FCD9D6992D3C_Original.jpg]
[cellinteractive.jp/topics/539/index.html]
[www.cellinteractive.jp/wp/wp-content/uploads/2021/03/kina1-300x210.jpg]
[www.cellinteractive.jp/wp/wp-content/uploads/2021/03/kina2-300x210.jpg]
[cellinteractive.jp/topics/536/index.html]
[www.cellinteractive.jp/wp/wp-content/uploads/2021/02/shoya.jpg]
[cellinteractive.jp/topics/534/index.html]
[cellinteractive.jp/topics/530/index.html]
[www.cellinteractive.jp/wp/wp-content/uploads/2020/11/main.jpg]
[cellinteractive.jp/topics/525/index.html]
[cellinteractive.jp/topics/523/index.html]
[cellinteractive.jp/topics/521/index.html]
[cellinteractive.jp/topics/519/index.html]
[cellinteractive.jp/topics/513/index.html]
[cellinteractive.jp/topics/476/index.html]
[cellinteractive.jp/talk-with-us/complete/index.html]
[cellinteractive.jp/_int/wp-content/uploads/2024/08/yachiyo_poultry_sp_main_image.jpg]
[cellinteractive.jp/_int/news/501/index.html]
[cellinteractive.jp/_int/news/486/index.html]
[cellinteractive.jp/topics/news/index6146.html]
[cellinteractive.jp/_int/news/534/index.html]
[cellinteractive.jp/_int/news/545/index.html]
[cellinteractive.jp/_int/wp-includes/js/mediaelement/mejs-controls.svg]
[cellinteractive.jp/_int/wp-includes/js/mediaelement/mejs-controls.svg]
